MPLINK 5.08, LINKER
Linker Map File - Created Thu Oct  6 09:08:56 2016

                                 Section Info
                  Section       Type    Address   Location Size(Bytes)
                ---------  ---------  ---------  ---------  ---------
              VETOR_RESET       code   0x000000    program   0x000004
                   .cinit    romdata   0x000004    program   0x000002
                 ISR_TMR0       code   0x000008    program   0x00002e
.config_300001_BUILD/DEFAULT/PRODUCTION/DELAYWI    romdata   0x300001    program   0x000001
.config_300003_BUILD/DEFAULT/PRODUCTION/DELAYWI    romdata   0x300003    program   0x000001
.config_300005_BUILD/DEFAULT/PRODUCTION/DELAYWI    romdata   0x300005    program   0x000001



                              Program Memory Usage 
                               Start         End      
                           ---------   ---------      
                            0x000000    0x000005      
                            0x000008    0x000035      
                            0x300001    0x300001      
                            0x300003    0x300003      
                            0x300005    0x300005      
            55 out of 33048 program addresses used, program memory utilization is 0%



                              Symbols - Sorted by Name
                     Name    Address   Location    Storage File                     
                ---------  ---------  ---------  --------- ---------                
                     LOOP   0x000032    program     static /home/par/Git-Projects/PIC18F4520/ASM/delayWithTimer/delayWithTimerASM.asm
                    SETUP   0x00001c    program     static /home/par/Git-Projects/PIC18F4520/ASM/delayWithTimer/delayWithTimerASM.asm
               TRATA_TMR0   0x00000c    program     static /home/par/Git-Projects/PIC18F4520/ASM/delayWithTimer/delayWithTimerASM.asm
               VOLTA_TMR0   0x000018    program     static /home/par/Git-Projects/PIC18F4520/ASM/delayWithTimer/delayWithTimerASM.asm



                              Symbols - Sorted by Address
                     Name    Address   Location    Storage File                     
                ---------  ---------  ---------  --------- ---------                
               TRATA_TMR0   0x00000c    program     static /home/par/Git-Projects/PIC18F4520/ASM/delayWithTimer/delayWithTimerASM.asm
               VOLTA_TMR0   0x000018    program     static /home/par/Git-Projects/PIC18F4520/ASM/delayWithTimer/delayWithTimerASM.asm
                    SETUP   0x00001c    program     static /home/par/Git-Projects/PIC18F4520/ASM/delayWithTimer/delayWithTimerASM.asm
                     LOOP   0x000032    program     static /home/par/Git-Projects/PIC18F4520/ASM/delayWithTimer/delayWithTimerASM.asm


