MPLINK 5.08, LINKER
Linker Map File - Created Sun Oct  2 21:06:14 2016

                                 Section Info
                  Section       Type    Address   Location Size(Bytes)
                ---------  ---------  ---------  ---------  ---------
              VETOR_RESET       code   0x000000    program   0x000038
                   .cinit    romdata   0x000038    program   0x000002
.config_300001_BUILD/DEFAULT/PRODUCTION/MAIN_AS    romdata   0x300001    program   0x000001
.config_300003_BUILD/DEFAULT/PRODUCTION/MAIN_AS    romdata   0x300003    program   0x000001
.config_300005_BUILD/DEFAULT/PRODUCTION/MAIN_AS    romdata   0x300005    program   0x000001



                              Program Memory Usage 
                               Start         End      
                           ---------   ---------      
                            0x000000    0x000039      
                            0x300001    0x300001      
                            0x300003    0x300003      
                            0x300005    0x300005      
            61 out of 33048 program addresses used, program memory utilization is 0%



                              Symbols - Sorted by Name
                     Name    Address   Location    Storage File                     
                ---------  ---------  ---------  --------- ---------                
                    C_1ms   0x000022    program     static /home/par/Git-Projects/PIC18F4520/ASM/delayWithCounter/main_asm.asm
                     C_1s   0x00001a    program     static /home/par/Git-Projects/PIC18F4520/ASM/delayWithCounter/main_asm.asm
                  C_250ms   0x00001e    program     static /home/par/Git-Projects/PIC18F4520/ASM/delayWithCounter/main_asm.asm
                    DELAY   0x000016    program     static /home/par/Git-Projects/PIC18F4520/ASM/delayWithCounter/main_asm.asm
                     LOOP   0x00000c    program     static /home/par/Git-Projects/PIC18F4520/ASM/delayWithCounter/main_asm.asm
                    SETUP   0x000004    program     static /home/par/Git-Projects/PIC18F4520/ASM/delayWithCounter/main_asm.asm



                              Symbols - Sorted by Address
                     Name    Address   Location    Storage File                     
                ---------  ---------  ---------  --------- ---------                
                    SETUP   0x000004    program     static /home/par/Git-Projects/PIC18F4520/ASM/delayWithCounter/main_asm.asm
                     LOOP   0x00000c    program     static /home/par/Git-Projects/PIC18F4520/ASM/delayWithCounter/main_asm.asm
                    DELAY   0x000016    program     static /home/par/Git-Projects/PIC18F4520/ASM/delayWithCounter/main_asm.asm
                     C_1s   0x00001a    program     static /home/par/Git-Projects/PIC18F4520/ASM/delayWithCounter/main_asm.asm
                  C_250ms   0x00001e    program     static /home/par/Git-Projects/PIC18F4520/ASM/delayWithCounter/main_asm.asm
                    C_1ms   0x000022    program     static /home/par/Git-Projects/PIC18F4520/ASM/delayWithCounter/main_asm.asm


